hello hello


Megan@DESKTOP-4BBCRPD MINGW64 ~
$ git config --global  user.name EdenDias~

Megan@DESKTOP-4BBCRPD MINGW64 ~
$ git config --global user.email megandias2020@gmail.com

Megan@DESKTOP-4BBCRPD MINGW64 ~
$ git config --list
diff.astextplain.textconv=astextplain
filter.lfs.clean=git-lfs clean -- %f
filter.lfs.smudge=git-lfs smudge -- %f
filter.lfs.process=git-lfs filter-process
filter.lfs.required=true
http.sslbackend=openssl
http.sslcainfo=C:/Program Files/Git/mingw64/etc/ssl/certs/ca-bundle.crt
core.autocrlf=true
core.fscache=true
core.symlinks=false
pull.rebase=false
credential.helper=manager
credential.https://dev.azure.com.usehttppath=true
init.defaultbranch=master
user.name=EdenDias~
user.email=megandias2020@gmail.com

Megan@DESKTOP-4BBCRPD MINGW64 ~
$ pwd
/c/Users/Megan

Megan@DESKTOP-4BBCRPD MINGW64 ~
$ mkdir secondrepos

Megan@DESKTOP-4BBCRPD MINGW64 ~
$ cd secondrepos

Megan@DESKTOP-4BBCRPD MINGW64 ~/secondrepos
$ pwd
/c/Users/Megan/secondrepos

Megan@DESKTOP-4BBCRPD MINGW64 ~/secondrepos
$ mkdir file

Megan@DESKTOP-4BBCRPD MINGW64 ~/secondrepos
$ cd file

Megan@DESKTOP-4BBCRPD MINGW64 ~/secondrepos/file
$ pwd
/c/Users/Megan/secondrepos/file

Megan@DESKTOP-4BBCRPD MINGW64 ~/secondrepos/file
$ git init
Initialized empty Git repository in C:/Users/Megan/secondrepos/file/.git/

Megan@DESKTOP-4BBCRPD MINGW64 ~/secondrepos/file (master)
$ touch firstfile.txt

Megan@DESKTOP-4BBCRPD MINGW64 ~/secondrepos/file (master)
$ notepad firstfile.txt

Megan@DESKTOP-4BBCRPD MINGW64 ~/secondrepos/file (master)
$ git status
On branch master

No commits yet

Untracked files:
  (use "git add <file>..." to include in what will be committed)
        firstfile.txt

nothing added to commit but untracked files present (use "git add" to track)

Megan@DESKTOP-4BBCRPD MINGW64 ~/secondrepos/file (master)
$ git add .

Megan@DESKTOP-4BBCRPD MINGW64 ~/secondrepos/file (master)
$ git commit -m "committed the file"
[master (root-commit) a8592ec] committed the file
 1 file changed, 1 insertion(+)
 create mode 100644 firstfile.txt

Megan@DESKTOP-4BBCRPD MINGW64 ~/secondrepos/file (master)
$ git remote add origin https://github.com/EdenDias/secondrepos.git

Megan@DESKTOP-4BBCRPD MINGW64 ~/secondrepos/file (master)
$ git remote -v
origin  https://github.com/EdenDias/secondrepos.git (fetch)
origin  https://github.com/EdenDias/secondrepos.git (push)

Megan@DESKTOP-4BBCRPD MINGW64 ~/secondrepos/file (master)
$ git push -u origin master
Enumerating objects: 3, done.
Counting objects: 100% (3/3), done.
Writing objects: 100% (3/3), 230 bytes | 230.00 KiB/s, done.
Total 3 (delta 0), reused 0 (delta 0), pack-reused 0
To https://github.com/EdenDias/secondrepos.git
 * [new branch]      master -> master
branch 'master' set up to track 'origin/master'.

Megan@DESKTOP-4BBCRPD MINGW64 ~/secondrepos/file (master)
$

